// Jest Snapshot v1, https://goo.gl/fbAQLP

exports[`ooth-prisma can update user 1`] = `
Object {
  "_id": "<obfuscated>",
  "foo": Object {
    "baz": "bar",
    "baz2": "bar2",
  },
  "foo2": Object {
    "baz": "bar2",
  },
  "foo3": Object {
    "baz": "bar3",
  },
}
`;
